hellow
#INFO: **** input file is /home/chiang.272/HFSCF/test/test.py ****
import unittest
import numpy as np
import math
import time

import pyscf.gto
import pyscf.scf
import pyscf.mcscf
import pyscf.fci
import pyscf.mp

#import prism_beta.interface as interface
#import prism_beta.qd_nevpt as qd_nevpt
import basis_set_exchange as bse
#import prism_beta.integrals as integrals

import HFSCF.HF as HF

import sys
from scipy import constants
from pyscf.tools import molden
from pyscf.mcscf import dmet_cas
import csv

print("hellow")

np.set_printoptions(linewidth=150, edgeitems=10, suppress=True)


# SCF cycle:

#theta = np.pi/3
#x = 1.178 * np.cos(theta)
#y = 1.178 * np.sin(theta)

mol = pyscf.gto.Mole()
mol.verbose = 4
mol.atom =[ 
[ 'H',  (0, 0, 0)],
[ 'H',  (0, 0, 1.1)] #0.774292095
]
#mol.basis = bse.get_basis('ano-rcc',uncontract_general=True, uncontract_segmented=True, uncontract_spdf=True,elements=['Hg','H'],fmt='nwchem',header=False)
mol.basis = 'STO-3G'  #'6-31g**' #'def2tzvp' #'cc-pvdz' #'STO-3G' # 'def2tzvp'


mol.symmetry = False
mol.spin = 0
#mol.unit = 'B' 
mol.max_memory =  10000
mol.charge = 0
mol.build()



# Run RHF computation
mf = pyscf.scf.RHF(mol) #.x2c()
#mf.xc = "bp86"
mf.conv_tol = 1e-12
#mf.chkfile = "mf4.chk"
ehf = mf.scf()
mf.analyze()

HF.FullCI(mf)
#INFO: ******************** input file end ********************


System: uname_result(system='Linux', node='asccbc-nc206140.asc.ohio-state.edu', release='4.18.0-553.56.1.el8_10.x86_64', version='#1 SMP Mon Jun 2 12:33:13 EDT 2025', machine='x86_64')  Threads 24
Python 3.9.19 (main, May  6 2024, 19:43:03) 
[GCC 11.2.0]
numpy 1.26.4  scipy 1.12.0  h5py 3.11.0
Date: Fri Aug  1 15:02:03 2025
PySCF version 2.6.2
PySCF path  /home/chiang.272/.conda/envs/pyscf_bse/lib/python3.9/site-packages/pyscf

[CONFIG] conf_file None
[INPUT] verbose = 4
[INPUT] num. atoms = 2
[INPUT] num. electrons = 2
[INPUT] charge = 0
[INPUT] spin (= nelec alpha-beta = 2S) = 0
[INPUT] symmetry False subgroup None
[INPUT] Mole.unit = angstrom
[INPUT] Symbol           X                Y                Z      unit          X                Y                Z       unit  Magmom
[INPUT]  1 H      0.000000000000   0.000000000000   0.000000000000 AA    0.000000000000   0.000000000000   0.000000000000 Bohr   0.0
[INPUT]  2 H      0.000000000000   0.000000000000   1.100000000000 AA    0.000000000000   0.000000000000   2.078698737022 Bohr   0.0

nuclear repulsion = 0.481070191745455
number of shells = 2
number of NR pGTOs = 6
number of NR cGTOs = 2
basis = STO-3G
ecp = {}
CPU time:         0.97


******** <class 'pyscf.scf.hf.RHF'> ********
method = RHF
initial guess = minao
damping factor = 0
level_shift factor = 0
DIIS = <class 'pyscf.scf.diis.CDIIS'>
diis_start_cycle = 1
diis_space = 8
diis_damp = 0
SCF conv_tol = 1e-12
SCF conv_tol_grad = None
SCF max_cycles = 50
direct_scf = True
direct_scf_tol = 1e-13
chkfile to save SCF result = /scratch/local/tmp7sw_hvv6
max_memory 10000 MB (current use 149 MB)
Set gradient conv threshold to 1e-06
Initial guess from minao.
init E= -0.664691778678357
  HOMO = -0.365024810591771  LUMO = 0.295084060545793
cycle= 1 E= -1.03653887502918  delta_E= -0.372  |g|= 3.33e-16  |ddm|= 0.924
  HOMO = -0.454218694118699  LUMO = 0.396695911144968
cycle= 2 E= -1.03653887502918  delta_E=    0  |g|= 1.11e-16  |ddm|= 7.11e-16
  HOMO = -0.454218694118699  LUMO = 0.396695911144968
Extra cycle  E= -1.03653887502918  delta_E=    0  |g|= 3.33e-16  |ddm|= 7.11e-16
converged SCF energy = -1.03653887502918
**** SCF Summaries ****
Total Energy =                          -1.036538875029180
Nuclear Repulsion Energy =               0.481070191745455
One-electron Energy =                   -2.126780745311872
Two-electron Energy =                    0.609171678537237
**** MO energy ****
MO #1   energy= -0.454218694118699 occ= 2
MO #2   energy= 0.396695911144968  occ= 0
 ** Mulliken pop on meta-lowdin orthogonal AOs  **
 ** Mulliken pop  **
pop of  0 H 1s            1.00000
pop of  1 H 1s            1.00000
 ** Mulliken atomic charges  **
charge of    0H =      0.00000
charge of    1H =      0.00000
Dipole moment(X, Y, Z, Debye):  0.00000,  0.00000,  0.00000
2
nocc= 1
Mo=
[[ 0.58934029 -0.94456244]
 [ 0.58934029  0.94456244]]
mo_c=
[[0.58934029]
 [0.58934029]]
mo_e=
[[-0.94456244]
 [ 0.94456244]]
