hellow
#INFO: **** input file is /home/chiang.272/HFSCF/test/test.py ****
import unittest
import numpy as np
import math
import time

import pyscf.gto
import pyscf.scf
import pyscf.mcscf
import pyscf.fci
import pyscf.mp

#import prism_beta.interface as interface
#import prism_beta.qd_nevpt as qd_nevpt
import basis_set_exchange as bse
#import prism_beta.integrals as integrals
import HFSCF.interface as interface
import sys
from scipy import constants
from pyscf.tools import molden
from pyscf.mcscf import dmet_cas
import csv

print("hellow")

np.set_printoptions(linewidth=150, edgeitems=10, suppress=True)


# SCF cycle:

#theta = np.pi/3
#x = 1.178 * np.cos(theta)
#y = 1.178 * np.sin(theta)

mol = pyscf.gto.Mole()
mol.verbose = 4
mol.atom =[ 
[ 'H',  (0, 0, 0)],
[ 'H',  ( 0, 0, 1)]
]
#mol.basis = bse.get_basis('ano-rcc',uncontract_general=True, uncontract_segmented=True, uncontract_spdf=True,elements=['Hg','H'],fmt='nwchem',header=False)
mol.basis = '6-31g'  #'6-31g**' #'def2tzvp' #'cc-pvdz' #'STO-3G' # 'def2tzvp'


mol.symmetry = False
mol.spin = 0
#mol.unit = 'B' 
mol.max_memory =  10000
mol.charge = 0
mol.build()

# Run RHF computation
mf = pyscf.scf.RHF(mol) #.x2c()
#mf.xc = "bp86"
mf.conv_tol = 1e-12
#mf.chkfile = "mf4.chk"
ehf = mf.scf()
mf.analyze()
#INFO: ******************** input file end ********************


System: uname_result(system='Linux', node='asccbc-nc206140.asc.ohio-state.edu', release='4.18.0-553.56.1.el8_10.x86_64', version='#1 SMP Mon Jun 2 12:33:13 EDT 2025', machine='x86_64')  Threads 24
Python 3.9.19 (main, May  6 2024, 19:43:03) 
[GCC 11.2.0]
numpy 1.26.4  scipy 1.12.0  h5py 3.11.0
Date: Mon Jun 23 12:32:19 2025
PySCF version 2.6.2
PySCF path  /home/chiang.272/.conda/envs/pyscf_bse/lib/python3.9/site-packages/pyscf

[CONFIG] conf_file None
[INPUT] verbose = 4
[INPUT] num. atoms = 2
[INPUT] num. electrons = 2
[INPUT] charge = 0
[INPUT] spin (= nelec alpha-beta = 2S) = 0
[INPUT] symmetry False subgroup None
[INPUT] Mole.unit = angstrom
[INPUT] Symbol           X                Y                Z      unit          X                Y                Z       unit  Magmom
[INPUT]  1 H      0.000000000000   0.000000000000   0.000000000000 AA    0.000000000000   0.000000000000   0.000000000000 Bohr   0.0
[INPUT]  2 H      0.000000000000   0.000000000000   1.000000000000 AA    0.000000000000   0.000000000000   1.889726124565 Bohr   0.0

nuclear repulsion = 0.52917721092
number of shells = 4
number of NR pGTOs = 8
number of NR cGTOs = 4
basis = 6-31g
ecp = {}
CPU time:         0.68


******** <class 'pyscf.scf.hf.RHF'> ********
method = RHF
initial guess = minao
damping factor = 0
level_shift factor = 0
DIIS = <class 'pyscf.scf.diis.CDIIS'>
diis_start_cycle = 1
diis_space = 8
diis_damp = 0
SCF conv_tol = 1e-12
SCF conv_tol_grad = None
SCF max_cycles = 50
direct_scf = True
direct_scf_tol = 1e-13
chkfile to save SCF result = /scratch/local/tmpeyjxl2vi
max_memory 10000 MB (current use 112 MB)
Set gradient conv threshold to 1e-06
Initial guess from minao.
init E= -0.752131732969515
  HOMO = -0.442149939400371  LUMO = 0.113042775846348
cycle= 1 E= -1.09454654312156  delta_E= -0.342  |g|= 0.0252  |ddm|= 0.61
  HOMO = -0.530315478059846  LUMO = 0.165079009677014
cycle= 2 E= -1.09480176234734  delta_E= -0.000255  |g|= 0.00388  |ddm|= 0.0243
  HOMO = -0.52754989443372  LUMO = 0.167707103211189
cycle= 3 E= -1.09480796286031  delta_E= -6.2e-06  |g|= 6.99e-07  |ddm|= 0.00442
  HOMO = -0.52754641821743  LUMO = 0.167707118920961
cycle= 4 E= -1.09480796286048  delta_E= -1.67e-13  |g|= 2.88e-07  |ddm|= 4.7e-07
  HOMO = -0.527544018631638  LUMO = 0.167707099907541
Extra cycle  E= -1.09480796286051  delta_E= -3.38e-14  |g|= 4.43e-08  |ddm|= 2.78e-07
converged SCF energy = -1.09480796286051
**** SCF Summaries ****
Total Energy =                          -1.094807962860512
Nuclear Repulsion Energy =               0.529177210920000
One-electron Energy =                   -2.192882364542178
Two-electron Energy =                    0.568897190761667
**** MO energy ****
MO #1   energy= -0.527544018631638 occ= 2
MO #2   energy= 0.167707099907541  occ= 0
MO #3   energy= 0.904277227367513  occ= 0
MO #4   energy= 1.16226833794433   occ= 0
 ** Mulliken pop on meta-lowdin orthogonal AOs  **
 ** Mulliken pop  **
pop of  0 H 1s            0.99996
pop of  0 H 2s            0.00004
pop of  1 H 1s            0.99996
pop of  1 H 2s            0.00004
 ** Mulliken atomic charges  **
charge of    0H =     -0.00000
charge of    1H =      0.00000
Dipole moment(X, Y, Z, Debye):  0.00000,  0.00000,  0.00000
