hellow
#INFO: **** input file is /home/chiang.272/HFSCF/test/test.py ****
import unittest
import numpy as np
import math
import time

import pyscf.gto
import pyscf.scf
import pyscf.mcscf
import pyscf.fci
import pyscf.mp

#import prism_beta.interface as interface
#import prism_beta.qd_nevpt as qd_nevpt
import basis_set_exchange as bse
#import prism_beta.integrals as integrals

import HFSCF.HF as HF

import sys
from scipy import constants
from pyscf.tools import molden
from pyscf.mcscf import dmet_cas
import csv

print("hellow")

np.set_printoptions(linewidth=150, edgeitems=10, suppress=True)


# SCF cycle:

#theta = np.pi/3
#x = 1.178 * np.cos(theta)
#y = 1.178 * np.sin(theta)

mol = pyscf.gto.Mole()
mol.verbose = 4
mol.atom =[ 
[ 'He',  (0, 0, 0)],
[ 'H',  ( 0, 0, 0.774292095)],
]
#mol.basis = bse.get_basis('ano-rcc',uncontract_general=True, uncontract_segmented=True, uncontract_spdf=True,elements=['Hg','H'],fmt='nwchem',header=False)
mol.basis = '6-31g'  #'6-31g**' #'def2tzvp' #'cc-pvdz' #'STO-3G' # 'def2tzvp'


mol.symmetry = False
mol.spin = 0
#mol.unit = 'B' 
mol.max_memory =  10000
mol.charge = 1
mol.build()

print("What type?")
print(type(mol))

HF.kernel(mol)
print("完成")

# Run RHF computation
mf = pyscf.scf.RHF(mol) #.x2c()
#mf.xc = "bp86"
mf.conv_tol = 1e-12
#mf.chkfile = "mf4.chk"
ehf = mf.scf()
mf.analyze()
#INFO: ******************** input file end ********************


System: uname_result(system='Linux', node='asccbc-nc206140.asc.ohio-state.edu', release='4.18.0-553.56.1.el8_10.x86_64', version='#1 SMP Mon Jun 2 12:33:13 EDT 2025', machine='x86_64')  Threads 24
Python 3.9.19 (main, May  6 2024, 19:43:03) 
[GCC 11.2.0]
numpy 1.26.4  scipy 1.12.0  h5py 3.11.0
Date: Mon Jun 23 15:04:02 2025
PySCF version 2.6.2
PySCF path  /home/chiang.272/.conda/envs/pyscf_bse/lib/python3.9/site-packages/pyscf

[CONFIG] conf_file None
[INPUT] verbose = 4
[INPUT] num. atoms = 2
[INPUT] num. electrons = 2
[INPUT] charge = 1
[INPUT] spin (= nelec alpha-beta = 2S) = 0
[INPUT] symmetry False subgroup None
[INPUT] Mole.unit = angstrom
[INPUT] Symbol           X                Y                Z      unit          X                Y                Z       unit  Magmom
[INPUT]  1 He     0.000000000000   0.000000000000   0.000000000000 AA    0.000000000000   0.000000000000   0.000000000000 Bohr   0.0
[INPUT]  2 H      0.000000000000   0.000000000000   0.774292095000 AA    0.000000000000   0.000000000000   1.463199999966 Bohr   0.0

nuclear repulsion = 1.36686714054597
number of shells = 4
number of NR pGTOs = 8
number of NR cGTOs = 4
basis = 6-31g
ecp = {}
CPU time:         0.67
What type?
<class 'pyscf.gto.mole.Mole'>
runing HFSCF...
Basis set: 6-31g
number of atoms: 2
number of electrons: 2
computing nuclear repulsion energy...
Enn= 1.366867140545972
Construct the S^(-1/2) matrix.
[[ 1.24123173 -0.50890287 -0.05996765  0.10340713]
 [-0.50890287  1.70897632 -0.11967476 -0.64699976]
 [-0.05996765 -0.11967476  1.26668119 -0.40680054]
 [ 0.10340713 -0.64699976 -0.40680054  1.57935248]]
Construct initial density matrix.
[[ 1.17874593  0.38498738  0.25456709 -0.06401021]
 [ 0.38498738  0.12573981  0.08314355 -0.02090622]
 [ 0.25456709  0.08314355  0.05497741 -0.01382392]
 [-0.06401021 -0.02090622 -0.01382392  0.00347599]]
SCF interation...
-2.8003134288981872
-2.909195429544946
-2.9098322466070226
-2.909839208044212
-2.9098394069051654
-2.9098394143304684
-2.909839414622569
-2.9098394146343356
-2.909839414634817
-2.909839414634841
-2.909839414634842
-2.909839414634841
-2.90983941463484
-2.90983941463484
-2.909839414634842
-2.9098394146348383
-2.909839414634841
-2.90983941463484
-2.909839414634839
-2.909839414634842
-2.9098394146348427
-2.90983941463484
-2.909839414634842
-2.909839414634841
-2.909839414634841
-2.90983941463484
-2.90983941463484
-2.9098394146348436
-2.909839414634839
-2.909839414634842
-2.90983941463484
-2.909839414634839
-2.909839414634841
-2.9098394146348427
-2.9098394146348436
-2.90983941463484
-2.90983941463484
-2.90983941463484
-2.90983941463484
-2.909839414634841
-2.9098394146348436
-2.909839414634842
-2.909839414634842
-2.909839414634841
-2.909839414634841
-2.9098394146348436
-2.909839414634841
-2.909839414634841
-2.909839414634842
-2.909839414634842
-2.9098394146348427
-2.90983941463484
-2.909839414634841
-2.909839414634839
-2.9098394146348427
-2.909839414634842
-2.90983941463484
-2.9098394146348365
-2.9098394146348383
-2.909839414634839
-2.909839414634842
-2.909839414634842
-2.909839414634842
-2.90983941463484
-2.909839414634842
-2.90983941463484
-2.9098394146348383
-2.90983941463484
-2.90983941463484
-2.909839414634842
-2.90983941463484
-2.90983941463484
-2.909839414634842
-2.909839414634842
-2.9098394146348427
-2.90983941463484
-2.909839414634841
-2.909839414634839
-2.9098394146348427
-2.909839414634842
-2.90983941463484
-2.9098394146348365
-2.9098394146348383
-2.909839414634839
-2.909839414634842
-2.909839414634842
-2.909839414634842
-2.90983941463484
-2.909839414634842
-2.90983941463484
-2.9098394146348383
-2.90983941463484
-2.90983941463484
-2.909839414634842
-2.90983941463484
-2.90983941463484
-2.909839414634842
-2.909839414634842
-2.9098394146348427
-2.90983941463484
-2.909839414634841
-2.909839414634839
-2.9098394146348427
-2.909839414634842
-2.90983941463484
-2.9098394146348365
-2.9098394146348383
-2.909839414634839
-2.909839414634842
-2.909839414634842
-2.909839414634842
-2.90983941463484
-2.909839414634842
-2.90983941463484
-2.9098394146348383
-2.90983941463484
-2.90983941463484
-2.909839414634842
-2.90983941463484
-2.90983941463484
-2.909839414634842
-2.909839414634842
-2.9098394146348427
-2.90983941463484
-2.909839414634841
-2.909839414634839
-2.9098394146348427
-2.909839414634842
-2.90983941463484
-2.9098394146348365
-2.9098394146348383
-2.909839414634839
-2.909839414634842
-2.909839414634842
-2.909839414634842
-2.90983941463484
-2.909839414634842
-2.90983941463484
-2.9098394146348383
-2.90983941463484
-2.90983941463484
-2.909839414634842
-2.90983941463484
-2.90983941463484
-2.909839414634842
-2.909839414634842
-2.9098394146348427
-2.90983941463484
-2.909839414634841
-2.909839414634839
-2.9098394146348427
-2.909839414634842
-2.90983941463484
-2.9098394146348365
-2.9098394146348383
-2.909839414634839
-2.909839414634842
-2.909839414634842
-2.909839414634842
-2.90983941463484
-2.909839414634842
-2.90983941463484
-2.9098394146348383
-2.90983941463484
-2.90983941463484
-2.909839414634842
-2.90983941463484
-2.90983941463484
-2.909839414634842
-2.909839414634842
-2.9098394146348427
-2.90983941463484
-2.909839414634841
-2.909839414634839
-2.9098394146348427
-2.909839414634842
-2.90983941463484
-2.9098394146348365
-2.9098394146348383
-2.909839414634839
-2.909839414634842
-2.909839414634842
-2.909839414634842
-2.90983941463484
-2.909839414634842
-2.90983941463484
-2.9098394146348383
-2.90983941463484
-2.90983941463484
-2.909839414634842
-2.90983941463484
-2.90983941463484
-2.909839414634842
-2.909839414634842
-2.9098394146348427
-2.90983941463484
-2.909839414634841
-2.909839414634839
-2.9098394146348427
-2.909839414634842
-2.90983941463484
-2.9098394146348365
-2.9098394146348383
-2.909839414634839
-2.909839414634842
-2.909839414634842
-2.909839414634842
-2.90983941463484
-2.909839414634842
-2.90983941463484
-2.9098394146348383
-2.90983941463484
-2.90983941463484
-2.909839414634842
-2.90983941463484
-2.90983941463484
-2.909839414634842
-2.909839414634842
-2.9098394146348427
-2.90983941463484
-2.909839414634841
-2.909839414634839
-2.9098394146348427
-2.909839414634842
-2.90983941463484
-2.9098394146348365
-2.9098394146348383
-2.909839414634839
-2.909839414634842
-2.909839414634842
-2.909839414634842
-2.90983941463484
-2.909839414634842
-2.90983941463484
-2.9098394146348383
-2.90983941463484
-2.90983941463484
-2.909839414634842
-2.90983941463484
-2.90983941463484
-2.909839414634842
-2.909839414634842
-2.9098394146348427
-2.90983941463484
-2.909839414634841
-2.909839414634839
-2.9098394146348427
-2.909839414634842
-2.90983941463484
-2.9098394146348365
-2.9098394146348383
-2.909839414634839
-2.909839414634842
-2.909839414634842
-2.909839414634842
-2.90983941463484
-2.909839414634842
-2.90983941463484
-2.9098394146348383
-2.90983941463484
-2.90983941463484
-2.909839414634842
-2.90983941463484
-2.90983941463484
-2.909839414634842
-2.909839414634842
-2.9098394146348427
-2.90983941463484
-2.909839414634841
-2.909839414634839
-2.9098394146348427
-2.909839414634842
-2.90983941463484
-2.9098394146348365
-2.9098394146348383
-2.909839414634839
-2.909839414634842
-2.909839414634842
-2.909839414634842
-2.90983941463484
-2.909839414634842
-2.90983941463484
-2.9098394146348383
-2.90983941463484
-2.90983941463484
-2.909839414634842
-2.90983941463484
-2.90983941463484
-2.909839414634842
-2.909839414634842
-2.9098394146348427
-2.90983941463484
-2.909839414634841
-2.909839414634839
-2.9098394146348427
-2.909839414634842
-2.90983941463484
-2.9098394146348365
-2.9098394146348383
-2.909839414634839
-2.909839414634842
-2.909839414634842
-2.909839414634842
-2.90983941463484
-2.909839414634842
-2.90983941463484
-2.9098394146348383
-2.90983941463484
-2.90983941463484
-2.909839414634842
-2.90983941463484
-2.90983941463484
-2.909839414634842
-2.909839414634842
-2.9098394146348427
-2.90983941463484
-2.909839414634841
-2.909839414634839
-2.9098394146348427
-2.909839414634842
-2.90983941463484
-2.9098394146348365
-2.9098394146348383
-2.909839414634839
-2.909839414634842
-2.909839414634842
-2.909839414634842
-2.90983941463484
-2.909839414634842
-2.90983941463484
-2.9098394146348383
-2.90983941463484
-2.90983941463484
-2.909839414634842
-2.90983941463484
-2.90983941463484
-2.909839414634842
-2.909839414634842
-2.9098394146348427
-2.90983941463484
-2.909839414634841
-2.909839414634839
-2.9098394146348427
-2.909839414634842
-2.90983941463484
-2.9098394146348365
-2.9098394146348383
-2.909839414634839
-2.909839414634842
-2.909839414634842
-2.909839414634842
-2.90983941463484
-2.909839414634842
-2.90983941463484
-2.9098394146348383
-2.90983941463484
-2.90983941463484
-2.909839414634842
-2.90983941463484
-2.90983941463484
-2.909839414634842
-2.909839414634842
-2.9098394146348427
-2.90983941463484
-2.909839414634841
-2.909839414634839
-2.9098394146348427
-2.909839414634842
-2.90983941463484
-2.9098394146348365
-2.9098394146348383
-2.909839414634839
-2.909839414634842
-2.909839414634842
-2.909839414634842
-2.90983941463484
-2.909839414634842
-2.90983941463484
-2.9098394146348383
-2.90983941463484
-2.90983941463484
-2.909839414634842
-2.90983941463484
-2.90983941463484
-2.909839414634842
-2.909839414634842
-2.9098394146348427
-2.90983941463484
-2.909839414634841
-2.909839414634839
-2.9098394146348427
-2.909839414634842
-2.90983941463484
-2.9098394146348365
-2.9098394146348383
-2.909839414634839
-2.909839414634842
-2.909839414634842
-2.909839414634842
-2.90983941463484
-2.909839414634842
-2.90983941463484
-2.9098394146348383
-2.90983941463484
-2.90983941463484
-2.909839414634842
-2.90983941463484
-2.90983941463484
-2.909839414634842
-2.909839414634842
-2.9098394146348427
-2.90983941463484
-2.909839414634841
-2.909839414634839
-2.9098394146348427
-2.909839414634842
-2.90983941463484
-2.9098394146348365
-2.9098394146348383
-2.909839414634839
-2.909839414634842
-2.909839414634842
-2.909839414634842
-2.90983941463484
-2.909839414634842
-2.90983941463484
-2.9098394146348383
-2.90983941463484
-2.90983941463484
-2.909839414634842
-2.90983941463484
-2.90983941463484
-2.909839414634842
-2.909839414634842
-2.9098394146348427
-2.90983941463484
-2.909839414634841
-2.909839414634839
-2.9098394146348427
-2.909839414634842
-2.90983941463484
-2.9098394146348365
-2.9098394146348383
-2.909839414634839
-2.909839414634842
-2.909839414634842
-2.909839414634842
-2.90983941463484
-2.909839414634842
-2.90983941463484
-2.9098394146348383
-2.90983941463484
-2.90983941463484
-2.909839414634842
-2.90983941463484
-2.90983941463484
-2.909839414634842
-2.909839414634842
-2.9098394146348427
-2.90983941463484
-2.909839414634841
-2.909839414634839
-2.9098394146348427
-2.909839414634842
-2.90983941463484
-2.9098394146348365
-2.9098394146348383
-2.909839414634839
-2.909839414634842
-2.909839414634842
-2.909839414634842
-2.90983941463484
-2.909839414634842
-2.90983941463484
-2.9098394146348383
-2.90983941463484
-2.90983941463484
-2.909839414634842
-2.90983941463484
-2.90983941463484
-2.909839414634842
-2.909839414634842
-2.9098394146348427
-2.90983941463484
-2.909839414634841
-2.909839414634839
-2.9098394146348427
-2.909839414634842
-2.90983941463484
-2.9098394146348365
-2.9098394146348383
-2.909839414634839
-2.909839414634842
-2.909839414634842
-2.909839414634842
-2.90983941463484
-2.909839414634842
-2.90983941463484
-2.9098394146348383
-2.90983941463484
-2.90983941463484
-2.909839414634842
-2.90983941463484
-2.90983941463484
-2.909839414634842
-2.909839414634842
-2.9098394146348427
-2.90983941463484
-2.909839414634841
-2.909839414634839
-2.9098394146348427
-2.909839414634842
-2.90983941463484
-2.9098394146348365
-2.9098394146348383
-2.909839414634839
-2.909839414634842
-2.909839414634842
-2.909839414634842
-2.90983941463484
-2.909839414634842
-2.90983941463484
-2.9098394146348383
-2.90983941463484
-2.90983941463484
-2.909839414634842
-2.90983941463484
-2.90983941463484
-2.909839414634842
-2.909839414634842
-2.9098394146348427
-2.90983941463484
-2.909839414634841
-2.909839414634839
-2.9098394146348427
-2.909839414634842
-2.90983941463484
-2.9098394146348365
-2.9098394146348383
-2.909839414634839
-2.909839414634842
-2.909839414634842
-2.909839414634842
-2.90983941463484
-2.909839414634842
-2.90983941463484
-2.9098394146348383
-2.90983941463484
-2.90983941463484
-2.909839414634842
-2.90983941463484
-2.90983941463484
-2.909839414634842
-2.909839414634842
-2.9098394146348427
-2.90983941463484
-2.909839414634841
-2.909839414634839
-2.9098394146348427
-2.909839414634842
-2.90983941463484
-2.9098394146348365
-2.9098394146348383
-2.909839414634839
-2.909839414634842
-2.909839414634842
-2.909839414634842
-2.90983941463484
-2.909839414634842
-2.90983941463484
-2.9098394146348383
-2.90983941463484
-2.90983941463484
-2.909839414634842
-2.90983941463484
-2.90983941463484
-2.909839414634842
-2.909839414634842
-2.9098394146348427
-2.90983941463484
-2.909839414634841
-2.909839414634839
-2.9098394146348427
-2.909839414634842
-2.90983941463484
-2.9098394146348365
-2.9098394146348383
-2.909839414634839
-2.909839414634842
-2.909839414634842
-2.909839414634842
-2.90983941463484
-2.909839414634842
-2.90983941463484
-2.9098394146348383
-2.90983941463484
-2.90983941463484
-2.909839414634842
-2.90983941463484
-2.90983941463484
-2.909839414634842
-2.909839414634842
-2.9098394146348427
-2.90983941463484
-2.909839414634841
-2.909839414634839
-2.9098394146348427
-2.909839414634842
-2.90983941463484
-2.9098394146348365
-2.9098394146348383
-2.909839414634839
-2.909839414634842
-2.909839414634842
-2.909839414634842
-2.90983941463484
-2.909839414634842
-2.90983941463484
-2.9098394146348383
-2.90983941463484
-2.90983941463484
-2.909839414634842
-2.90983941463484
-2.90983941463484
-2.909839414634842
-2.909839414634842
-2.9098394146348427
-2.90983941463484
-2.909839414634841
-2.909839414634839
-2.9098394146348427
-2.909839414634842
-2.90983941463484
-2.9098394146348365
-2.9098394146348383
-2.909839414634839
-2.909839414634842
-2.909839414634842
-2.909839414634842
-2.90983941463484
-2.909839414634842
-2.90983941463484
-2.9098394146348383
-2.90983941463484
-2.90983941463484
-2.909839414634842
-2.90983941463484
-2.90983941463484
-2.909839414634842
-2.909839414634842
-2.9098394146348427
-2.90983941463484
-2.909839414634841
-2.909839414634839
-2.9098394146348427
-2.909839414634842
-2.90983941463484
-2.9098394146348365
-2.9098394146348383
-2.909839414634839
-2.909839414634842
-2.909839414634842
-2.909839414634842
-2.90983941463484
-2.909839414634842
-2.90983941463484
-2.9098394146348383
-2.90983941463484
-2.90983941463484
-2.909839414634842
-2.90983941463484
-2.90983941463484
-2.909839414634842
-2.909839414634842
-2.9098394146348427
-2.90983941463484
-2.909839414634841
-2.909839414634839
-2.9098394146348427
-2.909839414634842
-2.90983941463484
-2.9098394146348365
-2.9098394146348383
-2.909839414634839
-2.909839414634842
-2.909839414634842
-2.909839414634842
-2.90983941463484
-2.909839414634842
-2.90983941463484
-2.9098394146348383
-2.90983941463484
-2.90983941463484
-2.909839414634842
-2.90983941463484
-2.90983941463484
-2.909839414634842
-2.909839414634842
-2.9098394146348427
-2.90983941463484
-2.909839414634841
-2.909839414634839
-2.9098394146348427
-2.909839414634842
-2.90983941463484
-2.9098394146348365
-2.9098394146348383
-2.909839414634839
-2.909839414634842
-2.909839414634842
-2.909839414634842
-2.90983941463484
-2.909839414634842
-2.90983941463484
-2.9098394146348383
-2.90983941463484
-2.90983941463484
-2.909839414634842
-2.90983941463484
-2.90983941463484
-2.909839414634842
-2.909839414634842
-2.9098394146348427
-2.90983941463484
-2.909839414634841
-2.909839414634839
-2.9098394146348427
-2.909839414634842
-2.90983941463484
-2.9098394146348365
-2.9098394146348383
-2.909839414634839
-2.909839414634842
-2.909839414634842
-2.909839414634842
-2.90983941463484
-2.909839414634842
-2.90983941463484
-2.9098394146348383
-2.90983941463484
-2.90983941463484
-2.909839414634842
-2.90983941463484
-2.90983941463484
-2.909839414634842
-2.909839414634842
-2.9098394146348427
-2.90983941463484
-2.909839414634841
-2.909839414634839
-2.9098394146348427
-2.909839414634842
-2.90983941463484
-2.9098394146348365
-2.9098394146348383
-2.909839414634839
-2.909839414634842
-2.909839414634842
-2.909839414634842
-2.90983941463484
-2.909839414634842
-2.90983941463484
-2.9098394146348383
-2.90983941463484
-2.90983941463484
-2.909839414634842
-2.90983941463484
-2.90983941463484
-2.909839414634842
-2.909839414634842
-2.9098394146348427
-2.90983941463484
-2.909839414634841
-2.909839414634839
-2.9098394146348427
-2.909839414634842
-2.90983941463484
-2.9098394146348365
-2.9098394146348383
-2.909839414634839
-2.909839414634842
-2.909839414634842
-2.909839414634842
-2.90983941463484
-2.909839414634842
-2.90983941463484
-2.9098394146348383
-2.90983941463484
-2.90983941463484
-2.909839414634842
-2.90983941463484
-2.90983941463484
-2.909839414634842
-2.909839414634842
-2.9098394146348427
-2.90983941463484
-2.909839414634841
-2.909839414634839
-2.9098394146348427
-2.909839414634842
-2.90983941463484
-2.9098394146348365
-2.9098394146348383
-2.909839414634839
-2.909839414634842
-2.909839414634842
-2.909839414634842
-2.90983941463484
-2.909839414634842
-2.90983941463484
-2.9098394146348383
-2.90983941463484
-2.90983941463484
-2.909839414634842
-2.90983941463484
-2.90983941463484
-2.909839414634842
-2.909839414634842
-2.9098394146348427
-2.90983941463484
-2.909839414634841
-2.909839414634839
-2.9098394146348427
-2.909839414634842
-2.90983941463484
-2.9098394146348365
-2.9098394146348383
-2.909839414634839
-2.909839414634842
-2.909839414634842
-2.909839414634842
-2.90983941463484
-2.909839414634842
-2.90983941463484
-2.9098394146348383
-2.90983941463484
-2.90983941463484
-2.909839414634842
-2.90983941463484
-2.90983941463484
-2.909839414634842
-2.909839414634842
-2.9098394146348427
-2.90983941463484
-2.909839414634841
-2.909839414634839
-2.9098394146348427
-2.909839414634842
-2.90983941463484
-2.9098394146348365
-2.9098394146348383
-2.909839414634839
-2.909839414634842
-2.909839414634842
-2.909839414634842
-2.90983941463484
-2.909839414634842
-2.90983941463484
-2.9098394146348383
-2.90983941463484
-2.90983941463484
-2.909839414634842
-2.90983941463484
-2.90983941463484
-2.909839414634842
-2.909839414634842
-2.9098394146348427
-2.90983941463484
-2.909839414634841
-2.909839414634839
-2.9098394146348427
-2.909839414634842
-2.90983941463484
-2.9098394146348365
-2.9098394146348383
-2.909839414634839
-2.909839414634842
-2.909839414634842
-2.909839414634842
-2.90983941463484
-2.909839414634842
-2.90983941463484
-2.9098394146348383
-2.90983941463484
-2.90983941463484
-2.909839414634842
-2.90983941463484
-2.90983941463484
-2.909839414634842
-2.909839414634842
-2.9098394146348427
-2.90983941463484
-2.909839414634841
-2.909839414634839
-2.9098394146348427
-2.909839414634842
-2.90983941463484
-2.9098394146348365
-2.9098394146348383
-2.909839414634839
-2.909839414634842
-2.909839414634842
-2.909839414634842
-2.90983941463484
-2.909839414634842
-2.90983941463484
-2.9098394146348383
-2.90983941463484
-2.90983941463484
-2.909839414634842
-2.90983941463484
-2.90983941463484
-2.909839414634842
-2.909839414634842
-2.9098394146348427
-2.90983941463484
-2.909839414634841
-2.909839414634839
-2.9098394146348427
-2.909839414634842
-2.90983941463484
-2.9098394146348365
-2.9098394146348383
-2.909839414634839
-2.909839414634842
-2.909839414634842
-2.909839414634842
-2.90983941463484
-2.909839414634842
-2.90983941463484
-2.9098394146348383
-2.90983941463484
-2.90983941463484
-2.909839414634842
-2.90983941463484
-2.90983941463484
-2.909839414634842
-2.909839414634842
-2.9098394146348427
-2.90983941463484
-2.909839414634841
-2.909839414634839
-2.9098394146348427
-2.909839414634842
-2.90983941463484
-2.9098394146348365
-2.9098394146348383
-2.909839414634839
-2.909839414634842
-2.909839414634842
-2.909839414634842
-2.90983941463484
-2.909839414634842
-2.90983941463484
-2.9098394146348383
-2.90983941463484
-2.90983941463484
-2.909839414634842
-2.90983941463484
-2.90983941463484
-2.909839414634842
-2.909839414634842
-2.9098394146348427
-2.90983941463484
-2.909839414634841
-2.909839414634839
-2.9098394146348427
-2.909839414634842
-2.90983941463484
-2.9098394146348365
-2.9098394146348383
-2.909839414634839
-2.909839414634842
-2.909839414634842
-2.909839414634842
-2.90983941463484
-2.909839414634842
-2.90983941463484
-2.9098394146348383
-2.90983941463484
-2.90983941463484
-2.909839414634842
-2.90983941463484
-2.90983941463484
-2.909839414634842
-2.909839414634842
-2.9098394146348427
-2.90983941463484
-2.909839414634841
-2.909839414634839
-2.9098394146348427
-2.909839414634842
-2.90983941463484
-2.9098394146348365
-2.9098394146348383
-2.909839414634839
-2.909839414634842
-2.909839414634842
-2.909839414634842
-2.90983941463484
完成


******** <class 'pyscf.scf.hf.RHF'> ********
method = RHF
initial guess = minao
damping factor = 0
level_shift factor = 0
DIIS = <class 'pyscf.scf.diis.CDIIS'>
diis_start_cycle = 1
diis_space = 8
diis_damp = 0
SCF conv_tol = 1e-12
SCF conv_tol_grad = None
SCF max_cycles = 50
direct_scf = True
direct_scf_tol = 1e-13
chkfile to save SCF result = /scratch/local/tmpwjdsulpa
max_memory 10000 MB (current use 122 MB)
Set gradient conv threshold to 1e-06
Initial guess from minao.
init E= -3.45112423423244
  HOMO = -1.18131571552481  LUMO = 0.0742985378471982
cycle= 1 E= -2.89251672706381  delta_E= 0.559  |g|= 0.254  |ddm|= 0.731
  HOMO = -1.66262959318271  LUMO = -0.279509006884289
cycle= 2 E= -2.90951632188476  delta_E= -0.017  |g|= 0.033  |ddm|= 0.187
  HOMO = -1.63006143465825  LUMO = -0.264938751251705
cycle= 3 E= -2.90983782169533  delta_E= -0.000321  |g|= 0.00235  |ddm|= 0.0327
  HOMO = -1.63099851518369  LUMO = -0.264251397252094
cycle= 4 E= -2.9098394145776  delta_E= -1.59e-06  |g|= 1.55e-05  |ddm|= 0.00264
  HOMO = -1.63100460188377  LUMO = -0.264243805701542
cycle= 5 E= -2.9098394146348  delta_E= -5.72e-11  |g|= 2.74e-07  |ddm|= 1.22e-05
  HOMO = -1.63100443031512  LUMO = -0.264243962883359
cycle= 6 E= -2.90983941463484  delta_E= -3.38e-14  |g|= 9.88e-09  |ddm|= 4.2e-07
  HOMO = -1.63100443240308  LUMO = -0.264243964019232
Extra cycle  E= -2.90983941463484  delta_E= -2.66e-15  |g|= 9.06e-10  |ddm|= 6.79e-09
converged SCF energy = -2.90983941463484
**** SCF Summaries ****
Total Energy =                          -2.909839414634839
Nuclear Repulsion Energy =               1.366867140545972
One-electron Energy =                   -5.291404248341999
Two-electron Energy =                    1.014697693161188
**** MO energy ****
MO #1   energy= -1.63100443240308  occ= 2
MO #2   energy= -0.264243964019232 occ= 0
MO #3   energy= 0.439836573280287  occ= 0
MO #4   energy= 1.07569045176623   occ= 0
 ** Mulliken pop on meta-lowdin orthogonal AOs  **
 ** Mulliken pop  **
pop of  0 He 1s           1.60645
pop of  0 He 2s           0.01129
pop of  1 H 1s            0.35895
pop of  1 H 2s            0.02331
 ** Mulliken atomic charges  **
charge of    0He =      0.38226
charge of    1H =      0.61774
Dipole moment(X, Y, Z, Debye):  0.00000,  0.00000,  2.67350
